// Jest Snapshot v1, https://goo.gl/fbAQLP

exports[`testing correct behaviour of <DefaultLink /> component <DefaultLink /> should match snapshot 1`] = `
<DefaultLink
  href="http://go_to_home_page"
  text="HomePage"
>
  <Center
    w="full"
  >
    <Noop />
    <div
      className="css-0"
    >
      <ForwardRef(LinkComponent)
        href="http://go_to_home_page"
      >
        <Link
          color="blue.500"
          fontWeight="bold"
          href="#"
          onClick={[Function]}
          onMouseEnter={[Function]}
          textAlign="center"
          w="full"
        >
          <Styled(a)
            __css={Object {}}
            className="chakra-link"
            color="blue.500"
            fontWeight="bold"
            href="#"
            onClick={[Function]}
            onMouseEnter={[Function]}
            textAlign="center"
            w="full"
          >
            <Noop />
            <a
              className="chakra-link css-0"
              href="#"
              onClick={[Function]}
              onMouseEnter={[Function]}
            >
              HomePage
            </a>
          </Styled(a)>
        </Link>
      </ForwardRef(LinkComponent)>
    </div>
  </Center>
</DefaultLink>
`;
