// Jest Snapshot v1, https://goo.gl/fbAQLP

exports[`Render connected React-redux page should create snapshot for <UpdateInfoForm/> 1`] = `
<main
  className="css-1ffcsqf"
  title="user_settings"
>
  <section
    className="css-uh9uvh"
  >
    <h1
      className="css-1ecyjot"
    >
      Profile
    </h1>
    <div
      style={
        Object {
          "marginRight": "1rem",
        }
      }
    >
      <svg
        className="css-nkhozk css-boia29"
        data-testid="single_avatar"
        fill="currentColor"
        height="1em"
        stroke="currentColor"
        strokeWidth="0"
        style={
          Object {
            "color": undefined,
            "height": "6rem",
            "width": "6rem",
          }
        }
        viewBox="0 0 496 512"
        width="1em"
        xmlns="http://www.w3.org/2000/svg"
      >
        <path
          d="M248 8C111 8 0 119 0 256s111 248 248 248 248-111 248-248S385 8 248 8zm0 96c48.6 0 88 39.4 88 88s-39.4 88-88 88-88-39.4-88-88 39.4-88 88-88zm0 344c-58.7 0-111.3-26.6-146.5-68.2 18.8-35.4 55.6-59.8 98.5-59.8 2.4 0 4.8.4 7.1 1.1 13 4.2 26.6 6.9 40.9 6.9 14.3 0 28-2.7 40.9-6.9 2.3-.7 4.7-1.1 7.1-1.1 42.9 0 79.7 24.4 98.5 59.8C359.3 421.4 306.7 448 248 448z"
        />
      </svg>
    </div>
  </section>
  <form
    style={
      Object {
        "height": "50vh",
        "minWidth": "342px",
        "width": "75%",
      }
    }
  >
    <h2
      style={
        Object {
          "fontSize": "2vw",
        }
      }
    >
      Update your profile info
    </h2>
    <label
      htmlFor=""
    >
      Email
    </label>
    <input
      onChange={[Function]}
      type="email"
      value=""
    />
    <div
      className="input_gender"
    >
      <div>
        <label
          htmlFor="Male"
        >
          Male
        </label>
        <input
          id="Male"
          name="gender"
          onChange={[Function]}
          type="radio"
          value="Male"
        />
      </div>
      <div>
        <label
          htmlFor="Female"
        >
          Female
        </label>
        <input
          id="Female"
          name="gender"
          onChange={[Function]}
          type="radio"
          value="Female"
        />
      </div>
      <div>
        <label
          htmlFor="Others"
        >
          Others
        </label>
        <input
          id="Others"
          name="gender"
          onChange={[Function]}
          type="radio"
          value="Others"
        />
      </div>
    </div>
    <div
      className="css-zpu9mn"
    >
      <input
        className="input_file"
        id="file"
        name="userAvatar"
        onChange={[Function]}
        placeholder="Select file"
        style={
          Object {
            "display": "none",
          }
        }
        type="file"
      />
      <label
        className="input_file css-7w5spg"
        htmlFor="file"
      >
        Add file
      </label>
    </div>
    <button
      className="css-lnls4q"
      onClick={[MockFunction]}
      style={
        Object {
          "fontSize": "1vw",
          "textAlign": "center",
        }
      }
      type="submit"
    >
      Save
    </button>
    <button
      className="css-lnls4q"
      onClick={[MockFunction]}
      style={
        Object {
          "fontSize": "1vw",
          "textAlign": "center",
        }
      }
      type="submit"
    >
      Cancel
    </button>
  </form>
  <a
    className="link"
    href="/random.png"
    onClick={[Function]}
    onMouseEnter={[Function]}
    style={
      Object {
        "color": "var(--main-blue)",
      }
    }
  >
    Go back
  </a>
</main>
`;
