// Jest Snapshot v1, https://goo.gl/fbAQLP

exports[`Render connected React-redux page should create snapshot for <ChatRoom/> 1`] = `
<div
  className="css-1708wod"
>
  <div
    className="css-1pt27nv"
    onScroll={[Function]}
  />
  <form
    className="flex css-16nrlu7"
    onSubmit={[Function]}
  >
    <div
      className="css-1q6ynyn"
      onClick={[Function]}
    >
      <textarea
        className="css-1b140on"
        name="message"
        onChange={[Function]}
        onKeyDown={[Function]}
        placeholder="Your Message "
        value=""
      />
      <div
        className="css-s85sp7"
      >
        <svg
          className="css-1ao2df9"
          fill="currentColor"
          height="1em"
          onClick={[Function]}
          stroke="currentColor"
          strokeWidth="0"
          style={
            Object {
              "color": undefined,
            }
          }
          type="submit"
          viewBox="0 0 24 24"
          width="1em"
          xmlns="http://www.w3.org/2000/svg"
        >
          <path
            d="M0 0h24v24H0z"
            fill="none"
          />
          <path
            d="M2.01 21L23 12 2.01 3 2 10l15 2-15 2z"
          />
        </svg>
      </div>
    </div>
  </form>
</div>
`;
