// Jest Snapshot v1, https://goo.gl/fbAQLP

exports[`testing correct behaviour of <HamburgerMenu /> component <HamburgerMenu /> should match snapshot 1`] = `
<HamburgerMenu
  chakraProps={
    Object {
      "h": "20%",
    }
  }
  style={
    Object {
      "background": "lime",
    }
  }
  toggleHamburger={[MockFunction]}
>
  <Box
    background="lime"
    className="flex css-npgs22"
    h="20%"
  >
    <Noop />
    <div
      className="flex css-npgs22 css-0"
    >
      <GiHamburgerMenu
        className="css-snhyxz"
        onClick={[MockFunction]}
        title="hamburger"
      >
        <IconBase
          attr={
            Object {
              "viewBox": "0 0 512 512",
            }
          }
          className="css-snhyxz"
          onClick={[MockFunction]}
          title="hamburger"
        >
          <svg
            className="css-snhyxz"
            fill="currentColor"
            height="1em"
            onClick={[MockFunction]}
            stroke="currentColor"
            strokeWidth="0"
            style={
              Object {
                "color": undefined,
              }
            }
            viewBox="0 0 512 512"
            width="1em"
            xmlns="http://www.w3.org/2000/svg"
          >
            <title>
              hamburger
            </title>
            <path
              d="M32 96v64h448V96H32zm0 128v64h448v-64H32zm0 128v64h448v-64H32z"
              key="0"
            />
          </svg>
        </IconBase>
      </GiHamburgerMenu>
    </div>
  </Box>
</HamburgerMenu>
`;
