// Jest Snapshot v1, https://goo.gl/fbAQLP

exports[`should create snapshot for <ChatHeader/> 1`] = `
<div
  className="css-1qx55g5"
  title="chat_header"
>
  <div
    className="css-1h7sx70"
  >
    <form
      className="css-o2j9ze"
      onSubmit={[Function]}
    >
      <input
        className="css-1q3nqrs"
        onChange={[Function]}
        placeholder="Add user ..."
        type="search"
        value=""
      />
      <button
        className="css-csscj8"
        onClick={[Function]}
        type="button"
      >
        Create room
      </button>
    </form>
    <div
      style={
        Object {
          "display": "flex",
        }
      }
    />
  </div>
</div>
`;
