// Jest Snapshot v1, https://goo.gl/fbAQLP

exports[`Render connected React-redux page should create snapshot for <RegisterForm/> 1`] = `
<div
  className="flex"
  style={
    Object {
      "flexDirection": "column",
      "height": "100vh",
    }
  }
  title="register_form"
>
  
  <h1
    className="css-my1y1y"
  >
    Register
  </h1>
  <form
    className="css-7rx0xo"
    style={
      Object {
        "height": "70vh",
      }
    }
  >
    <div
      className="css-artkr0"
    >
      <label>
        Username
      </label>
      <input
        className="css-1s11o3x"
        name="username"
        onChange={[Function]}
        placeholder="username ..."
        type="text"
        value=""
      />
    </div>
    <div
      className="css-artkr0"
    >
      <label>
        Password
      </label>
      <input
        className="css-1s11o3x"
        name="password"
        onChange={[Function]}
        placeholder="password ..."
        type="password"
        value=""
      />
    </div>
    <div
      className="css-artkr0"
    >
      <label>
        Email
      </label>
      <input
        className="css-1s11o3x"
        name="email"
        onChange={[Function]}
        placeholder="email ..."
        type="email"
        value=""
      />
    </div>
    <div
      className="css-artkr0"
    >
      <label>
        Gender
      </label>
      <div
        className="flex"
      >
        <input
          className="css-alxow4 css-1s11o3x"
          id="Male"
          name="gender"
          onChange={[Function]}
          type="radio"
          value="Male"
        />
        <label
          className="css-pa4pqz"
          htmlFor="Male"
        >
          Male
        </label>
        <div>
          <input
            className="css-19gixz3 css-1s11o3x"
            id="Female"
            name="gender"
            onChange={[Function]}
            type="radio"
            value="Female"
          />
          <label
            className="css-pa4pqz"
            htmlFor="Female"
          >
            Female
          </label>
        </div>
      </div>
    </div>
    <button
      className="css-1hcgzlw"
      onClick={[MockFunction]}
      type="submit"
    >
      Register
    </button>
    <a
      className="link"
      href="/"
      onClick={[Function]}
      onMouseEnter={[Function]}
      style={
        Object {
          "color": "var(--button-blue)",
        }
      }
    >
      Already have an account?
    </a>
  </form>
</div>
`;
