// Jest Snapshot v1, https://goo.gl/fbAQLP

exports[`Render connected React-redux page should create snapshot for <Notifications_Modal/> 1`] = `
<div
  className="css-y2iftz"
>
  <section
    className="modal_heading flex css-iteqh8"
  >
    <h1
      className="css-1klbmx9"
    >
      Notifications
    </h1>
    <div
      className="circle_border absolute_top_right flex css-ecfnxd"
      onClick={[Function]}
    >
      <svg
        className="css-vqvu9"
        fill="currentColor"
        height="1em"
        stroke="currentColor"
        strokeWidth="0"
        style={
          Object {
            "color": undefined,
          }
        }
        viewBox="0 0 24 24"
        width="1em"
        xmlns="http://www.w3.org/2000/svg"
      >
        <path
          d="M3,3 L21,21 M3,21 L21,3"
          fill="none"
          stroke="#000"
          strokeWidth="2"
        />
      </svg>
    </div>
  </section>
  <div
    className="css-1ow1dtq"
  >
    <h1
      className="flex"
    >
      No Chat suggestions
    </h1>
    <div
      style={
        Object {
          "width": "100%",
        }
      }
    />
  </div>
</div>
`;
