// Jest Snapshot v1, https://goo.gl/fbAQLP

exports[`Render connected React-redux page should create snapshot for <AddGroupChat/> 1`] = `
<div
  data-testid="form"
/>
`;
