// Jest Snapshot v1, https://goo.gl/fbAQLP

exports[`Render connected React-redux page should create snapshot for <FindFriends/> 1`] = `
<form
  className="friendsInput"
  onSubmit={[Function]}
  style={
    Object {
      "alignItems": "center",
      "marginBottom": "1rem",
    }
  }
>
  <div
    className="profile"
    style={
      Object {
        "display": "flex",
      }
    }
  >
    <div>
      <svg
        fill="currentColor"
        height="1em"
        onClick={[Function]}
        stroke="currentColor"
        strokeWidth="0"
        style={
          Object {
            "color": undefined,
          }
        }
        viewBox="0 0 496 512"
        width="1em"
        xmlns="http://www.w3.org/2000/svg"
      >
        <path
          d="M248 8C111 8 0 119 0 256s111 248 248 248 248-111 248-248S385 8 248 8zm0 96c48.6 0 88 39.4 88 88s-39.4 88-88 88-88-39.4-88-88 39.4-88 88-88zm0 344c-58.7 0-111.3-26.6-146.5-68.2 18.8-35.4 55.6-59.8 98.5-59.8 2.4 0 4.8.4 7.1 1.1 13 4.2 26.6 6.9 40.9 6.9 14.3 0 28-2.7 40.9-6.9 2.3-.7 4.7-1.1 7.1-1.1 42.9 0 79.7 24.4 98.5 59.8C359.3 421.4 306.7 448 248 448z"
        />
      </svg>
    </div>
    <div
      className="flex"
    >
      <svg
        fill="currentColor"
        height="1em"
        onClick={[Function]}
        stroke="currentColor"
        strokeWidth="0"
        style={
          Object {
            "color": undefined,
          }
        }
        viewBox="0 0 640 512"
        width="1em"
        xmlns="http://www.w3.org/2000/svg"
      >
        <path
          d="M192 256c61.9 0 112-50.1 112-112S253.9 32 192 32 80 82.1 80 144s50.1 112 112 112zm76.8 32h-8.3c-20.8 10-43.9 16-68.5 16s-47.6-6-68.5-16h-8.3C51.6 288 0 339.6 0 403.2V432c0 26.5 21.5 48 48 48h288c26.5 0 48-21.5 48-48v-28.8c0-63.6-51.6-115.2-115.2-115.2zM480 256c53 0 96-43 96-96s-43-96-96-96-96 43-96 96 43 96 96 96zm48 32h-3.8c-13.9 4.8-28.6 8-44.2 8s-30.3-3.2-44.2-8H432c-20.4 0-39.2 5.9-55.7 15.4 24.4 26.3 39.7 61.2 39.7 99.8v38.4c0 2.2-.5 4.3-.6 6.4H592c26.5 0 48-21.5 48-48 0-61.9-50.1-112-112-112z"
        />
      </svg>
    </div>
  </div>
  <div
    style={
      Object {
        "alignItems": "center",
        "display": "flex",
      }
    }
  >
    <div
      className="search-bar"
    >
      <svg
        fill="currentColor"
        height="1em"
        onClick={[Function]}
        stroke="currentColor"
        strokeWidth="0"
        style={
          Object {
            "color": "black",
            "cursor": "pointer",
          }
        }
        viewBox="0 0 16 16"
        width="1em"
        xmlns="http://www.w3.org/2000/svg"
      >
        <path
          d="M11.742 10.344a6.5 6.5 0 1 0-1.397 1.398h-.001c.03.04.062.078.098.115l3.85 3.85a1 1 0 0 0 1.415-1.414l-3.85-3.85a1.007 1.007 0 0 0-.115-.1zM12 6.5a5.5 5.5 0 1 1-11 0 5.5 5.5 0 0 1 11 0z"
        />
      </svg>
      <input
        onChange={[Function]}
        type="search"
        value=""
      />
    </div>
    <svg
      fill="currentColor"
      height="1em"
      onClick={[Function]}
      stroke="currentColor"
      strokeWidth="0"
      style={
        Object {
          "color": undefined,
          "cursor": "pointer",
          "height": "2rem",
          "width": "2rem",
        }
      }
      viewBox="0 0 16 16"
      width="1em"
      xmlns="http://www.w3.org/2000/svg"
    >
      <path
        d="M7 14s-1 0-1-1 1-4 5-4 5 3 5 4-1 1-1 1H7zm4-6a3 3 0 1 0 0-6 3 3 0 0 0 0 6z"
      />
      <path
        d="M5.216 14A2.238 2.238 0 0 1 5 13c0-1.355.68-2.75 1.936-3.72A6.325 6.325 0 0 0 5 9c-4 0-5 3-5 4s1 1 1 1h4.216z"
        fillRule="evenodd"
      />
      <path
        d="M4.5 8a2.5 2.5 0 1 0 0-5 2.5 2.5 0 0 0 0 5z"
      />
    </svg>
  </div>
</form>
`;
