// Jest Snapshot v1, https://goo.gl/fbAQLP

exports[`Render connected React-redux page should create snapshot for <LoginForm/> 1`] = `
<div
  className="login_form"
  style={
    Object {
      "height": "100vh",
    }
  }
>
  <form
    className="container"
  >
    <h1
      className="alert"
      style={
        Object {
          "color": "red",
        }
      }
    >
      
    </h1>
    <h1>
      Login
    </h1>
    <input
      name="username"
      onChange={[Function]}
      placeholder="username ..."
      type="text"
      value=""
    />
    <input
      name="password"
      onChange={[Function]}
      placeholder="password ..."
      type="password"
      value=""
    />
    <button
      onClick={[MockFunction]}
      type="submit"
    >
      Log In
    </button>
    <div
      className="clickable"
    >
      <a
        className="link"
        href="/register"
        onClick={[Function]}
        onMouseEnter={[Function]}
        style={
          Object {
            "color": "var(--main-blue)",
          }
        }
      >
        Sign up for chatApp
      </a>
      <input
        id="checkbox"
        onChange={[Function]}
        style={
          Object {
            "height": "40px",
            "width": "20px",
          }
        }
        type="checkbox"
      />
      <label
        htmlFor="checkbox"
        style={
          Object {
            "marginLeft": ".25rem",
          }
        }
      >
         
        Remember me
      </label>
    </div>
  </form>
</div>
`;
