// Jest Snapshot v1, https://goo.gl/fbAQLP

exports[`<ActiveChats/> should create snapshot 1`] = `
<div
  className="css-gzd0uh"
  data-testid="chat"
  onClick={[Function]}
>
  <div
    className="css-1lymioy"
  >
    <section
      style={
        Object {
          "alignItems": "center",
          "display": "flex",
        }
      }
    >
      <section
        data-testid="avatar"
        title="ivan"
      >
        <div>
          <div
            style={
              Object {
                "marginRight": "1rem",
              }
            }
          >
            <svg
              className="css-nkhozk css-boia29"
              data-testid="single_avatar"
              fill="currentColor"
              height="1em"
              stroke="currentColor"
              strokeWidth="0"
              style={
                Object {
                  "color": undefined,
                  "height": undefined,
                  "width": undefined,
                }
              }
              viewBox="0 0 496 512"
              width="1em"
              xmlns="http://www.w3.org/2000/svg"
            >
              <path
                d="M248 8C111 8 0 119 0 256s111 248 248 248 248-111 248-248S385 8 248 8zm0 96c48.6 0 88 39.4 88 88s-39.4 88-88 88-88-39.4-88-88 39.4-88 88-88zm0 344c-58.7 0-111.3-26.6-146.5-68.2 18.8-35.4 55.6-59.8 98.5-59.8 2.4 0 4.8.4 7.1 1.1 13 4.2 26.6 6.9 40.9 6.9 14.3 0 28-2.7 40.9-6.9 2.3-.7 4.7-1.1 7.1-1.1 42.9 0 79.7 24.4 98.5 59.8C359.3 421.4 306.7 448 248 448z"
              />
            </svg>
          </div>
        </div>
      </section>
      <div
        className="css-1c5u6r2"
      >
        <div
          className="css-19dbfyd"
        >
          <p
            style={
              Object {
                "margin": 0,
              }
            }
          >
            gerg
          </p>
        </div>
        <p
          className="css-1p5u1lq"
        >
          Last message...
        </p>
      </div>
    </section>
    <svg
      className="css-4t0f8h"
      fill="currentColor"
      height="1em"
      onClick={[Function]}
      stroke="currentColor"
      strokeWidth="0"
      style={
        Object {
          "color": undefined,
        }
      }
      viewBox="0 0 16 16"
      width="1em"
      xmlns="http://www.w3.org/2000/svg"
    >
      <path
        d="M3 9.5a1.5 1.5 0 1 1 0-3 1.5 1.5 0 0 1 0 3zm5 0a1.5 1.5 0 1 1 0-3 1.5 1.5 0 0 1 0 3zm5 0a1.5 1.5 0 1 1 0-3 1.5 1.5 0 0 1 0 3z"
      />
    </svg>
  </div>
</div>
`;
