// Jest Snapshot v1, https://goo.gl/fbAQLP

exports[`Render connected React-redux page should create snapshot for <Alerts/> 1`] = `
<div
  className="css-tbtpsy"
  title="alert message"
>
  <p
    className="flex"
    style={
      Object {
        "margin": "0",
        "width": "95%",
      }
    }
  >
    
  </p>
  <div
    className="css-1jtdu3h"
  >
    <svg
      className="css-1560mmf"
      fill="currentColor"
      height="1em"
      onClick={[Function]}
      stroke="currentColor"
      strokeWidth="0"
      style={
        Object {
          "color": undefined,
        }
      }
      viewBox="0 0 512 512"
      width="1em"
      xmlns="http://www.w3.org/2000/svg"
    >
      <path
        d="M289.94 256l95-95A24 24 0 00351 127l-95 95-95-95a24 24 0 00-34 34l95 95-95 95a24 24 0 1034 34l95-95 95 95a24 24 0 0034-34z"
      />
    </svg>
  </div>
</div>
`;
