// Jest Snapshot v1, https://goo.gl/fbAQLP

exports[`Render connected React-redux page should create snapshot for <LoginForm/> 1`] = `
<div
  className="login-box"
>
  <form
    className="container"
    style={
      Object {
        "height": "100vh",
      }
    }
  >
    <h1
      className="alert"
      style={
        Object {
          "color": "red",
        }
      }
    >
      
    </h1>
    <h1>
      Login
    </h1>
    <input
      name="username"
      onChange={[Function]}
      placeholder="username ..."
      type="text"
      value=""
    />
    <input
      name="password"
      onChange={[Function]}
      placeholder="password ..."
      type="password"
      value=""
    />
    <div
      className="clickable"
    >
      <a
        className="link"
        href="/register"
        onClick={[Function]}
        onMouseEnter={[Function]}
        style={
          Object {
            "color": "var(--main-blue)",
          }
        }
      >
        Create an account.
      </a>
      <label
        htmlFor="checkbox"
      >
         
        <input
          id="checkbox"
          onChange={[Function]}
          style={
            Object {
              "height": "40px",
              "width": "20px",
            }
          }
          type="checkbox"
        />
        Remember me
      </label>
    </div>
    <button
      onClick={[MockFunction]}
      type="submit"
    >
      login
    </button>
  </form>
</div>
`;
