// Jest Snapshot v1, https://goo.gl/fbAQLP

exports[`Render connected React-redux page should create snapshot for <ActiveChats/> 1`] = `
<div
  className="css-1e1vc0x  css-1bzo7of"
  onClick={[Function]}
>
  <div
    className="css-hndaa8"
  >
    <section
      style={
        Object {
          "alignItems": "center",
          "display": "flex",
        }
      }
    >
      <div>
        <div
          style={
            Object {
              "marginRight": "1rem",
            }
          }
        >
          <svg
            className="css-nkhozk css-12b2syr"
            data-testid="single_avatar"
            fill="currentColor"
            height="1em"
            stroke="currentColor"
            strokeWidth="0"
            style={
              Object {
                "color": undefined,
                "height": undefined,
                "width": undefined,
              }
            }
            viewBox="0 0 496 512"
            width="1em"
            xmlns="http://www.w3.org/2000/svg"
          >
            <path
              d="M248 8C111 8 0 119 0 256s111 248 248 248 248-111 248-248S385 8 248 8zm0 96c48.6 0 88 39.4 88 88s-39.4 88-88 88-88-39.4-88-88 39.4-88 88-88zm0 344c-58.7 0-111.3-26.6-146.5-68.2 18.8-35.4 55.6-59.8 98.5-59.8 2.4 0 4.8.4 7.1 1.1 13 4.2 26.6 6.9 40.9 6.9 14.3 0 28-2.7 40.9-6.9 2.3-.7 4.7-1.1 7.1-1.1 42.9 0 79.7 24.4 98.5 59.8C359.3 421.4 306.7 448 248 448z"
            />
          </svg>
        </div>
      </div>
      <div
        className="css-pw0i2r"
      >
        <div
          className="css-200l18"
        >
          <p
            style={
              Object {
                "margin": 0,
              }
            }
          >
            gerg
          </p>
        </div>
        <p
          className="css-m4wabw"
        >
          Last message...
        </p>
      </div>
    </section>
    <svg
      className="css-4t0f8h"
      fill="currentColor"
      height="1em"
      onClick={[Function]}
      stroke="currentColor"
      strokeWidth="0"
      style={
        Object {
          "color": undefined,
        }
      }
      viewBox="0 0 16 16"
      width="1em"
      xmlns="http://www.w3.org/2000/svg"
    >
      <path
        clipRule="evenodd"
        d="M3 9.5a1.5 1.5 0 110-3 1.5 1.5 0 010 3zm5 0a1.5 1.5 0 110-3 1.5 1.5 0 010 3zm5 0a1.5 1.5 0 110-3 1.5 1.5 0 010 3z"
        fillRule="evenodd"
      />
    </svg>
  </div>
</div>
`;
