// Jest Snapshot v1, https://goo.gl/fbAQLP

exports[`Render connected React-redux page should create snapshot for <LoginForm/> 1`] = `
<div
  className="flex"
  style={
    Object {
      "height": "100vh",
    }
  }
>
  <form
    className="css-1vddxqp"
  >
    <h2
      className="css-1fp0cp4"
    >
      
    </h2>
    <h1>
      Login
    </h1>
    <input
      className="css-cdjbnr"
      name="username"
      onChange={[Function]}
      placeholder="username ..."
      type="text"
      value=""
    />
    <input
      className="css-cdjbnr"
      name="password"
      onChange={[Function]}
      placeholder="password ..."
      type="password"
      value=""
    />
    <button
      className="css-5qywa"
      onClick={[MockFunction]}
      type="submit"
    >
      Log In
    </button>
    <div
      className="css-1sg2lsz"
    >
      <a
        className="link css-mrgxj7"
        onClick={[Function]}
        onMouseEnter={[Function]}
        style={
          Object {
            "color": "var(--main-blue)",
          }
        }
      >
        Sign up for chatApp
      </a>
      <input
        checked={false}
        className="css-18woaps"
        data-testid="checkbox"
        id="checkbox"
        onChange={[Function]}
        type="checkbox"
      />
      <label
        htmlFor="checkbox"
        style={
          Object {
            "marginLeft": ".25rem",
          }
        }
      >
         
        Remember me
      </label>
    </div>
  </form>
</div>
`;
