// Jest Snapshot v1, https://goo.gl/fbAQLP

exports[`Render connected React-redux page should create snapshot for <AddUsers_Modal/> 1`] = `
<div
  className="fRequests_modal"
>
  <section
    className="modal_heading flex"
    style={
      Object {
        "position": "relative",
        "textAlign": "center",
      }
    }
  >
    <h1
      style={
        Object {
          "padding": "0 25%",
        }
      }
    >
      Add people
    </h1>
    <div
      className="circle_border absolute_top_right flex"
      onClick={[Function]}
      style={
        Object {
          "height": "3rem",
          "width": "3rem",
        }
      }
    >
      <svg
        fill="currentColor"
        height="1em"
        stroke="currentColor"
        strokeWidth="0"
        style={
          Object {
            "color": undefined,
            "height": "2rem",
            "width": "2rem",
          }
        }
        viewBox="0 0 24 24"
        width="1em"
        xmlns="http://www.w3.org/2000/svg"
      >
        <path
          d="M3,3 L21,21 M3,21 L21,3"
          fill="none"
          stroke="#000"
          strokeWidth="2"
        />
      </svg>
    </div>
  </section>
  <div
    className="flex"
    style={
      Object {
        "flexDirection": "column",
        "overflowY": "auto",
        "width": "100%",
      }
    }
  >
    <div
      className="flex css-23rh6g"
      onClick={[Function]}
    >
      <p
        className="css-1nu6ntq"
      >
        ivan
      </p>
      <input
        checked={false}
        className="css-jgjwtu"
        type="checkbox"
        value="ivan"
      />
    </div>
    <div
      className="flex css-23rh6g"
      onClick={[Function]}
    >
      <p
        className="css-1nu6ntq"
      >
        greg
      </p>
      <input
        checked={false}
        className="css-jgjwtu"
        type="checkbox"
        value="greg"
      />
    </div>
  </div>
  <div
    className="modal_footer flex"
  >
    <button
      className="button"
      onClick={[Function]}
      type="submit"
    >
      submit
    </button>
  </div>
</div>
`;
