// Jest Snapshot v1, https://goo.gl/fbAQLP

exports[`<RenderChat/> should create snapshot 1`] = `
<div
  className="you flex"
>
  <h2
    className="css-1ijsx8l"
  >
    test1
  </h2>
  <div
    className="css-wf8gkx"
  >
    <div
      className="css-yaes2l"
    >
      <span>
        hello
      </span>
    </div>
    <span
      style={
        Object {
          "fontSize": "0.65rem",
        }
      }
    >
      1111
    </span>
  </div>
</div>
`;
