// Jest Snapshot v1, https://goo.gl/fbAQLP

exports[`Render connected React-redux page should create snapshot for <UpdateInfoForm/> 1`] = `
<main
  className="css-1ffcsqf"
  title="user_settings"
>
  <section
    className="css-1r4b7xy"
  >
    <h1
      className="css-1iv2jx7"
    >
      Profile
    </h1>
    <div
      className="css-bh2x82"
    >
      <div
        style={
          Object {
            "marginRight": "1rem",
          }
        }
      >
        <svg
          className="css-nkhozk css-boia29"
          data-testid="single_avatar"
          fill="currentColor"
          height="1em"
          stroke="currentColor"
          strokeWidth="0"
          style={
            Object {
              "color": undefined,
              "height": "6rem",
              "width": "6rem",
            }
          }
          viewBox="0 0 496 512"
          width="1em"
          xmlns="http://www.w3.org/2000/svg"
        >
          <path
            d="M248 8C111 8 0 119 0 256s111 248 248 248 248-111 248-248S385 8 248 8zm0 96c48.6 0 88 39.4 88 88s-39.4 88-88 88-88-39.4-88-88 39.4-88 88-88zm0 344c-58.7 0-111.3-26.6-146.5-68.2 18.8-35.4 55.6-59.8 98.5-59.8 2.4 0 4.8.4 7.1 1.1 13 4.2 26.6 6.9 40.9 6.9 14.3 0 28-2.7 40.9-6.9 2.3-.7 4.7-1.1 7.1-1.1 42.9 0 79.7 24.4 98.5 59.8C359.3 421.4 306.7 448 248 448z"
          />
        </svg>
      </div>
      <label
        className="css-9smmpy"
        htmlFor="file"
      >
        <svg
          className="css-jmnsok"
          fill="currentColor"
          height="1em"
          stroke="currentColor"
          strokeWidth="0"
          style={
            Object {
              "color": undefined,
            }
          }
          viewBox="0 0 1024 1024"
          width="1em"
          xmlns="http://www.w3.org/2000/svg"
        >
          <path
            d="M512 64C264.6 64 64 264.6 64 512s200.6 448 448 448 448-200.6 448-448S759.4 64 512 64zm192 472c0 4.4-3.6 8-8 8H544v152c0 4.4-3.6 8-8 8h-48c-4.4 0-8-3.6-8-8V544H328c-4.4 0-8-3.6-8-8v-48c0-4.4 3.6-8 8-8h152V328c0-4.4 3.6-8 8-8h48c4.4 0 8 3.6 8 8v152h152c4.4 0 8 3.6 8 8v48z"
          />
        </svg>
      </label>
    </div>
    <label
      className="css-1a5pzuo"
      htmlFor="file"
    >
      Add file
    </label>
  </section>
  <form
    className="css-7rx0xo"
    style={
      Object {
        "height": "70vh",
        "margin": "0 1rem",
        "minWidth": "342px",
        "width": "75%",
      }
    }
  >
    <h2
      style={
        Object {
          "fontSize": "2vw",
        }
      }
    >
      Update your profile info
    </h2>
    <label
      htmlFor=""
    >
      Email
    </label>
    <input
      className="css-1hph1d0 css-1s11o3x"
      onChange={[Function]}
      type="email"
      value=""
    />
    <div
      className="input_gender flex"
    >
      <div>
        <input
          className="css-alxow4"
          id="Male"
          name="gender"
          onChange={[Function]}
          type="radio"
          value="Male"
        />
        <label
          className="css-pa4pqz"
          htmlFor="Male"
        >
          Male
        </label>
      </div>
      <div>
        <input
          className="css-alxow4"
          id="Female"
          name="gender"
          onChange={[Function]}
          type="radio"
          value="Female"
        />
        <label
          className="css-pa4pqz"
          htmlFor="Female"
        >
          Female
        </label>
      </div>
    </div>
    <div
      className="css-1cxg21k"
    >
      <input
        className="input_file"
        id="file"
        name="userAvatar"
        onChange={[Function]}
        placeholder="Select file"
        style={
          Object {
            "display": "none",
          }
        }
        type="file"
      />
    </div>
    <button
      className="css-1hcgzlw"
      onClick={[MockFunction]}
      style={
        Object {
          "fontSize": "1vw",
          "textAlign": "center",
        }
      }
      type="submit"
    >
      Save
    </button>
    <button
      className="link css-1hcgzlw"
      onClick={[Function]}
      onMouseEnter={[Function]}
    >
      Go back
    </button>
  </form>
</main>
`;
